#-----------------------------------------------------------
# PlanAhead v14.7 (64-bit)
# Build 321239 by xbuild on Fri Sep 27 19:29:51 MDT 2013
# Start of session at: Fri Oct 16 08:13:56 2015
# Process ID: 5392
# Log file: C:/Users/pc/Documents/GitHub/MIPS_CPU/lab1/ALU_UNIT/planAhead_run_2/planAhead.log
# Journal file: C:/Users/pc/Documents/GitHub/MIPS_CPU/lab1/ALU_UNIT/planAhead_run_2/planAhead.jou
#-----------------------------------------------------------
start_gui
source C:/Users/pc/Documents/GitHub/MIPS_CPU/lab1/ALU_UNIT/pa.fromNetlist.tcl
startgroup
set_property package_pin J6 [get_ports {SW[15]}]
endgroup
startgroup
set_property package_pin J6 [get_ports {SW[15]}]
endgroup
startgroup
set_property package_pin J7 [get_ports {SW[14]}]
endgroup
startgroup
set_property package_pin K2 [get_ports {SW[13]}]
endgroup
startgroup
set_property package_pin K7 [get_ports {SW[12]}]
endgroup
startgroup
set_property package_pin M1 [get_ports {SW[11]}]
endgroup
startgroup
set_property package_pin N1 [get_ports {SW[10]}]
endgroup
startgroup
set_property package_pin N2 [get_ports {SW[9]}]
endgroup
startgroup
set_property package_pin R1 [get_ports {SW[8]}]
endgroup
startgroup
set_property package_pin R4 [get_ports {SW[7]}]
endgroup
startgroup
set_property package_pin U1 [get_ports {SW[6]}]
endgroup
startgroup
set_property package_pin V2 [get_ports {SW[5]}]
endgroup
startgroup
set_property package_pin V3 [get_ports {SW[4]}]
endgroup
startgroup
set_property package_pin V4 [get_ports {SW[3]}]
endgroup
startgroup
set_property package_pin U8 [get_ports {SW[2]}]
endgroup
startgroup
set_property package_pin R7 [get_ports {SW[1]}]
endgroup
startgroup
set_property package_pin T7 [get_ports {SW[0]}]
endgroup
startgroup
set_property package_pin U9 [get_ports CLK]
endgroup
startgroup
set_property package_pin U10 [get_ports RST]
endgroup
save_constraints
