V3 3
FL E:/XProjects/MIPS_CPU/lab2/RAMController.vhdl 2015/11/05.22:51:18 P.20131013
EN work/RAMController 1446735094 FL E:/XProjects/MIPS_CPU/lab2/RAMController.vhdl \
      PB ieee/std_logic_1164 1381692176 PB ieee/std_logic_arith 1381692177 \
      PB ieee/STD_LOGIC_UNSIGNED 1381692179
AR work/RAMController/arch 1446735095 \
      FL E:/XProjects/MIPS_CPU/lab2/RAMController.vhdl EN work/RAMController 1446735094
