Release 14.7 - xst P.20131013 (nt64)
Copyright (c) 1995-2013 Xilinx, Inc.  All rights reserved.
--> Parameter TMPDIR set to xst/projnav.tmp


Total REAL time to Xst completion: 0.00 secs
Total CPU time to Xst completion: 0.11 secs
 
--> Parameter xsthdpdir set to xst


Total REAL time to Xst completion: 0.00 secs
Total CPU time to Xst completion: 0.11 secs
 
--> Reading design: ALU_UNIT.prj

TABLE OF CONTENTS
  1) Synthesis Options Summary
  2) HDL Compilation
  3) Design Hierarchy Analysis
  4) HDL Analysis
  5) HDL Synthesis
     5.1) HDL Synthesis Report
  6) Advanced HDL Synthesis
     6.1) Advanced HDL Synthesis Report
  7) Low Level Synthesis
  8) Partition Report
  9) Final Report
	9.1) Device utilization summary
	9.2) Partition Resource Summary
	9.3) TIMING REPORT


=========================================================================
*                      Synthesis Options Summary                        *
=========================================================================
---- Source Parameters
Input File Name                    : "ALU_UNIT.prj"
Input Format                       : mixed
Ignore Synthesis Constraint File   : NO

---- Target Parameters
Output File Name                   : "ALU_UNIT"
Output Format                      : NGC
Target Device                      : xc3s1200e-4-fg320

---- Source Options
Top Module Name                    : ALU_UNIT
Automatic FSM Extraction           : YES
FSM Encoding Algorithm             : Auto
Safe Implementation                : No
FSM Style                          : LUT
RAM Extraction                     : Yes
RAM Style                          : Auto
ROM Extraction                     : Yes
Mux Style                          : Auto
Decoder Extraction                 : YES
Priority Encoder Extraction        : Yes
Shift Register Extraction          : YES
Logical Shifter Extraction         : YES
XOR Collapsing                     : YES
ROM Style                          : Auto
Mux Extraction                     : Yes
Resource Sharing                   : YES
Asynchronous To Synchronous        : NO
Multiplier Style                   : Auto
Automatic Register Balancing       : No

---- Target Options
Add IO Buffers                     : YES
Global Maximum Fanout              : 100000
Add Generic Clock Buffer(BUFG)     : 24
Register Duplication               : YES
Slice Packing                      : YES
Optimize Instantiated Primitives   : NO
Use Clock Enable                   : Yes
Use Synchronous Set                : Yes
Use Synchronous Reset              : Yes
Pack IO Registers into IOBs        : Auto
Equivalent register Removal        : YES

---- General Options
Optimization Goal                  : Speed
Optimization Effort                : 1
Keep Hierarchy                     : No
Netlist Hierarchy                  : As_Optimized
RTL Output                         : Yes
Global Optimization                : AllClockNets
Read Cores                         : YES
Write Timing Constraints           : NO
Cross Clock Analysis               : NO
Hierarchy Separator                : /
Bus Delimiter                      : <>
Case Specifier                     : Maintain
Slice Utilization Ratio            : 100
BRAM Utilization Ratio             : 100
Verilog 2001                       : YES
Auto BRAM Packing                  : NO
Slice Utilization Ratio Delta      : 5

=========================================================================


=========================================================================
*                          HDL Compilation                              *
=========================================================================
Compiling vhdl file "C:/Users/pc/Documents/GitHub/MIPS_CPU/lab1/ALU.vhdl" in Library work.
Architecture beh of Entity alu is up to date.
Compiling vhdl file "C:/Users/pc/Documents/GitHub/MIPS_CPU/lab1/ALU_UNIT/ALU_UNIT.vhd" in Library work.
Entity <alu_unit> compiled.
Entity <alu_unit> (Architecture <behavioral>) compiled.

=========================================================================
*                     Design Hierarchy Analysis                         *
=========================================================================
Analyzing hierarchy for entity <ALU_UNIT> in library <work> (architecture <behavioral>).

Analyzing hierarchy for entity <ALU> in library <work> (architecture <beh>).


=========================================================================
*                            HDL Analysis                               *
=========================================================================
Analyzing Entity <ALU_UNIT> in library <work> (Architecture <behavioral>).
Entity <ALU_UNIT> analyzed. Unit <ALU_UNIT> generated.

Analyzing Entity <ALU> in library <work> (Architecture <beh>).
Entity <ALU> analyzed. Unit <ALU> generated.


=========================================================================
*                           HDL Synthesis                               *
=========================================================================

Performing bidirectional port resolution...

Synthesizing Unit <ALU>.
    Related source file is "C:/Users/pc/Documents/GitHub/MIPS_CPU/lab1/ALU.vhdl".
    Found 16-bit addsub for signal <y$addsub0000>.
    Found 16-bit shifter rotate left for signal <y$shift0007> created at line 67.
    Found 16-bit shifter logical left for signal <y$shift0008> created at line 58.
    Found 16-bit shifter logical right for signal <y$shift0009> created at line 61.
    Found 16-bit shifter arithmetic right for signal <y$shift0010> created at line 64.
    Found 16-bit xor2 for signal <y$xor0000> created at line 52.
    Summary:
	inferred   1 Adder/Subtractor(s).
	inferred   4 Combinational logic shifter(s).
Unit <ALU> synthesized.


Synthesizing Unit <ALU_UNIT>.
    Related source file is "C:/Users/pc/Documents/GitHub/MIPS_CPU/lab1/ALU_UNIT/ALU_UNIT.vhd".
    Found finite state machine <FSM_0> for signal <state>.
    -----------------------------------------------------------------------
    | States             | 4                                              |
    | Transitions        | 4                                              |
    | Inputs             | 0                                              |
    | Outputs            | 3                                              |
    | Clock              | CLK                       (rising_edge)        |
    | Reset              | RST                       (negative)           |
    | Reset type         | asynchronous                                   |
    | Reset State        | 00                                             |
    | Encoding           | automatic                                      |
    | Implementation     | LUT                                            |
    -----------------------------------------------------------------------
    Found 16-bit register for signal <a>.
    Found 16-bit register for signal <b>.
    Found 4-bit register for signal <op>.
    Summary:
	inferred   1 Finite State Machine(s).
	inferred  36 D-type flip-flop(s).
Unit <ALU_UNIT> synthesized.

INFO:Xst:1767 - HDL ADVISOR - Resource sharing has identified that some arithmetic operations in this design can share the same physical resources for reduced device utilization. For improved clock frequency you may try to disable resource sharing.

=========================================================================
HDL Synthesis Report

Macro Statistics
# Adders/Subtractors                                   : 1
 16-bit addsub                                         : 1
# Registers                                            : 3
 16-bit register                                       : 2
 4-bit register                                        : 1
# Logic shifters                                       : 4
 16-bit shifter arithmetic right                       : 1
 16-bit shifter logical left                           : 1
 16-bit shifter logical right                          : 1
 16-bit shifter rotate left                            : 1
# Xors                                                 : 1
 16-bit xor2                                           : 1

=========================================================================

=========================================================================
*                       Advanced HDL Synthesis                          *
=========================================================================

Analyzing FSM <FSM_0> for best encoding.
Optimizing FSM <state/FSM> on signal <state[1:4]> with one-hot encoding.
-------------------
 State | Encoding
-------------------
 00    | 0001
 01    | 0010
 10    | 0100
 11    | 1000
-------------------

=========================================================================
Advanced HDL Synthesis Report

Macro Statistics
# FSMs                                                 : 1
# Adders/Subtractors                                   : 1
 16-bit addsub                                         : 1
# Registers                                            : 36
 Flip-Flops                                            : 36
# Logic shifters                                       : 4
 16-bit shifter arithmetic right                       : 1
 16-bit shifter logical left                           : 1
 16-bit shifter logical right                          : 1
 16-bit shifter rotate left                            : 1
# Xors                                                 : 1
 16-bit xor2                                           : 1

=========================================================================

=========================================================================
*                         Low Level Synthesis                           *
=========================================================================
WARNING:Xst:2170 - Unit ALU : the following signal(s) form a combinatorial loop: y_shift0006<15>.

Optimizing unit <ALU_UNIT> ...

Optimizing unit <ALU> ...

Mapping all equations...
Building and optimizing final netlist ...
Found area constraint ratio of 100 (+ 5) on block ALU_UNIT, actual ratio is 2.

Final Macro Processing ...

=========================================================================
Final Register Report

Macro Statistics
# Registers                                            : 40
 Flip-Flops                                            : 40

=========================================================================

=========================================================================
*                           Partition Report                            *
=========================================================================

Partition Implementation Status
-------------------------------

  No Partitions were found in this design.

-------------------------------

=========================================================================
*                            Final Report                               *
=========================================================================
Final Results
RTL Top Level Output File Name     : ALU_UNIT.ngr
Top Level Output File Name         : ALU_UNIT
Output Format                      : NGC
Optimization Goal                  : Speed
Keep Hierarchy                     : No

Design Statistics
# IOs                              : 38

Cell Usage :
# BELS                             : 385
#      INV                         : 1
#      LUT2                        : 9
#      LUT3                        : 111
#      LUT4                        : 197
#      MUXCY                       : 15
#      MUXF5                       : 36
#      XORCY                       : 16
# FlipFlops/Latches                : 40
#      FDC                         : 3
#      FDE                         : 36
#      FDP                         : 1
# Clock Buffers                    : 1
#      BUFGP                       : 1
# IO Buffers                       : 37
#      IBUF                        : 17
#      OBUF                        : 20
=========================================================================

Device utilization summary:
---------------------------

Selected Device : 3s1200efg320-4 

 Number of Slices:                      176  out of   8672     2%  
 Number of Slice Flip Flops:             40  out of  17344     0%  
 Number of 4 input LUTs:                318  out of  17344     1%  
 Number of IOs:                          38
 Number of bonded IOBs:                  38  out of    250    15%  
 Number of GCLKs:                         1  out of     24     4%  

---------------------------
Partition Resource Summary:
---------------------------

  No Partitions were found in this design.

---------------------------


=========================================================================
TIMING REPORT

NOTE: THESE TIMING NUMBERS ARE ONLY A SYNTHESIS ESTIMATE.
      FOR ACCURATE TIMING INFORMATION PLEASE REFER TO THE TRACE REPORT
      GENERATED AFTER PLACE-and-ROUTE.

Clock Information:
------------------
-----------------------------------+------------------------+-------+
Clock Signal                       | Clock buffer(FF name)  | Load  |
-----------------------------------+------------------------+-------+
CLK                                | BUFGP                  | 40    |
-----------------------------------+------------------------+-------+

Asynchronous Control Signals Information:
----------------------------------------
-------------------------------------------------------+------------------------+-------+
Control Signal                                         | Buffer(FF name)        | Load  |
-------------------------------------------------------+------------------------+-------+
state_FSM_Acst_FSM_inv(state_FSM_Acst_FSM_inv1_INV_0:O)| NONE(state_FSM_FFd1)   | 4     |
-------------------------------------------------------+------------------------+-------+

Timing Summary:
---------------
Speed Grade: -4

   Minimum period: 3.410ns (Maximum Frequency: 293.255MHz)
   Minimum input arrival time before clock: 4.273ns
   Maximum output required time after clock: 14.869ns
   Maximum combinational path delay: No path found

Timing Detail:
--------------
All values displayed in nanoseconds (ns)

=========================================================================
Timing constraint: Default period analysis for Clock 'CLK'
  Clock period: 3.410ns (frequency: 293.255MHz)
  Total number of paths / destination ports: 40 / 40
-------------------------------------------------------------------------
Delay:               3.410ns (Levels of Logic = 1)
  Source:            state_FSM_FFd4 (FF)
  Destination:       a_0 (FF)
  Source Clock:      CLK rising
  Destination Clock: CLK rising

  Data Path: state_FSM_FFd4 to a_0
                                Gate     Net
    Cell:in->out      fanout   Delay   Delay  Logical Name (Net Name)
    ----------------------------------------  ------------
     FDP:C->Q              2   0.591   0.526  state_FSM_FFd4 (state_FSM_FFd4)
     LUT2:I1->O           16   0.704   1.034  a_and00001 (a_and0000)
     FDE:CE                    0.555          a_0
    ----------------------------------------
    Total                      3.410ns (1.850ns logic, 1.560ns route)
                                       (54.3% logic, 45.7% route)

=========================================================================
Timing constraint: Default OFFSET IN BEFORE for Clock 'CLK'
  Total number of paths / destination ports: 72 / 72
-------------------------------------------------------------------------
Offset:              4.273ns (Levels of Logic = 2)
  Source:            RST (PAD)
  Destination:       a_0 (FF)
  Destination Clock: CLK rising

  Data Path: RST to a_0
                                Gate     Net
    Cell:in->out      fanout   Delay   Delay  Logical Name (Net Name)
    ----------------------------------------  ------------
     IBUF:I->O             4   1.218   0.762  RST_IBUF (RST_IBUF)
     LUT2:I0->O           16   0.704   1.034  b_and00001 (b_and0000)
     FDE:CE                    0.555          b_0
    ----------------------------------------
    Total                      4.273ns (2.477ns logic, 1.796ns route)
                                       (58.0% logic, 42.0% route)

=========================================================================
Timing constraint: Default OFFSET OUT AFTER for Clock 'CLK'
  Total number of paths / destination ports: 4559 / 20
-------------------------------------------------------------------------
Offset:              14.869ns (Levels of Logic = 8)
  Source:            b_13 (FF)
  Destination:       Fout<10> (PAD)
  Source Clock:      CLK rising

  Data Path: b_13 to Fout<10>
                                Gate     Net
    Cell:in->out      fanout   Delay   Delay  Logical Name (Net Name)
    ----------------------------------------  ------------
     FDE:C->Q              5   0.591   0.808  b_13 (b_13)
     LUT4:I0->O            2   0.704   0.622  U0/y_or00034 (U0/y_or00034)
     LUT3:I0->O           21   0.704   1.303  U0/y_or000323 (U0/y_or0003)
     LUT3:I0->O            6   0.704   0.748  U0/y_shift0006<15>1 (U0/y_shift0006<15>)
     LUT3:I1->O           13   0.704   0.987  U0/y<2>11 (U0/N13)
     LUT4:I3->O            1   0.704   0.595  U0/y<9>10 (U0/y<9>10)
     LUT4:I0->O            1   0.704   0.595  U0/y<9>159 (U0/y<9>159)
     LUT3:I0->O            1   0.704   0.420  U0/y<9>170 (Fout_9_OBUF)
     OBUF:I->O                 3.272          Fout_9_OBUF (Fout<9>)
    ----------------------------------------
    Total                     14.869ns (8.791ns logic, 6.078ns route)
                                       (59.1% logic, 40.9% route)

=========================================================================


Total REAL time to Xst completion: 6.00 secs
Total CPU time to Xst completion: 6.80 secs
 
--> 

Total memory usage is 304748 kilobytes

Number of errors   :    0 (   0 filtered)
Number of warnings :    1 (   0 filtered)
Number of infos    :    1 (   0 filtered)

