--------------------------------------------------------------------------------
Release 14.7 Trace  (nt64)
Copyright (c) 1995-2013 Xilinx, Inc.  All rights reserved.

C:\Xilinx\14.7\ISE_DS\ISE\bin\nt64\unwrapped\trce.exe -intstyle ise -v 3 -s 4
-n 3 -fastpaths -xml ALU_UNIT.twx ALU_UNIT.ncd -o ALU_UNIT.twr ALU_UNIT.pcf
-ucf ALU_UNIT.ucf

Design file:              ALU_UNIT.ncd
Physical constraint file: ALU_UNIT.pcf
Device,package,speed:     xc3s1200e,fg320,-4 (PRODUCTION 1.27 2013-10-13)
Report level:             verbose report

Environment Variable      Effect 
--------------------      ------ 
NONE                      No environment variables were set
--------------------------------------------------------------------------------

INFO:Timing:2698 - No timing constraints found, doing default enumeration.
INFO:Timing:3412 - To improve timing, see the Timing Closure User Guide (UG612).
INFO:Timing:2752 - To get complete path coverage, use the unconstrained paths 
   option. All paths that are not constrained will be reported in the 
   unconstrained paths section(s) of the report.
INFO:Timing:3339 - The clock-to-out numbers in this timing report are based on 
   a 50 Ohm transmission line loading model.  For the details of this model, 
   and for more information on accounting for different loading conditions, 
   please see the device datasheet.
INFO:Timing:3390 - This architecture does not support a default System Jitter 
   value, please add SYSTEM_JITTER constraint to the UCF to modify the Clock 
   Uncertainty calculation.
INFO:Timing:3389 - This architecture does not support 'Discrete Jitter' and 
   'Phase Error' calculations, these terms will be zero in the Clock 
   Uncertainty calculation.  Please make appropriate modification to 
   SYSTEM_JITTER to account for the unsupported Discrete Jitter and Phase 
   Error.



Data Sheet report:
-----------------
All values displayed in nanoseconds (ns)

Setup/Hold to clock CLK
------------+------------+------------+------------------+--------+
            |Max Setup to|Max Hold to |                  | Clock  |
Source      | clk (edge) | clk (edge) |Internal Clock(s) | Phase  |
------------+------------+------------+------------------+--------+
RST         |    4.555(R)|   -1.401(R)|CLK_BUFGP         |   0.000|
SW<0>       |    2.145(R)|   -0.270(R)|CLK_BUFGP         |   0.000|
SW<1>       |    1.985(R)|    0.069(R)|CLK_BUFGP         |   0.000|
SW<2>       |    2.132(R)|   -0.030(R)|CLK_BUFGP         |   0.000|
SW<3>       |    2.705(R)|   -0.461(R)|CLK_BUFGP         |   0.000|
SW<4>       |    2.297(R)|   -0.614(R)|CLK_BUFGP         |   0.000|
SW<5>       |    2.234(R)|   -0.563(R)|CLK_BUFGP         |   0.000|
SW<6>       |    2.263(R)|   -0.361(R)|CLK_BUFGP         |   0.000|
SW<7>       |    1.386(R)|    0.344(R)|CLK_BUFGP         |   0.000|
SW<8>       |    2.089(R)|   -0.008(R)|CLK_BUFGP         |   0.000|
SW<9>       |    1.574(R)|    0.153(R)|CLK_BUFGP         |   0.000|
SW<10>      |    2.092(R)|   -0.034(R)|CLK_BUFGP         |   0.000|
SW<11>      |    1.010(R)|    0.463(R)|CLK_BUFGP         |   0.000|
SW<12>      |    1.683(R)|   -0.068(R)|CLK_BUFGP         |   0.000|
SW<13>      |    1.442(R)|    0.517(R)|CLK_BUFGP         |   0.000|
SW<14>      |    1.988(R)|    0.684(R)|CLK_BUFGP         |   0.000|
SW<15>      |    1.799(R)|    0.280(R)|CLK_BUFGP         |   0.000|
------------+------------+------------+------------------+--------+

Clock CLK to Pad
------------+------------+------------------+--------+
            | clk (edge) |                  | Clock  |
Destination |   to PAD   |Internal Clock(s) | Phase  |
------------+------------+------------------+--------+
Fout<0>     |   20.430(R)|CLK_BUFGP         |   0.000|
Fout<1>     |   19.682(R)|CLK_BUFGP         |   0.000|
Fout<2>     |   21.626(R)|CLK_BUFGP         |   0.000|
Fout<3>     |   22.378(R)|CLK_BUFGP         |   0.000|
Fout<4>     |   21.358(R)|CLK_BUFGP         |   0.000|
Fout<5>     |   22.125(R)|CLK_BUFGP         |   0.000|
Fout<6>     |   21.401(R)|CLK_BUFGP         |   0.000|
Fout<7>     |   23.899(R)|CLK_BUFGP         |   0.000|
Fout<8>     |   22.816(R)|CLK_BUFGP         |   0.000|
Fout<9>     |   21.833(R)|CLK_BUFGP         |   0.000|
Fout<10>    |   21.894(R)|CLK_BUFGP         |   0.000|
Fout<11>    |   21.518(R)|CLK_BUFGP         |   0.000|
Fout<12>    |   21.867(R)|CLK_BUFGP         |   0.000|
Fout<13>    |   21.989(R)|CLK_BUFGP         |   0.000|
Fout<14>    |   21.568(R)|CLK_BUFGP         |   0.000|
Fout<15>    |   20.409(R)|CLK_BUFGP         |   0.000|
flag<1>     |   26.552(R)|CLK_BUFGP         |   0.000|
flag<2>     |   20.436(R)|CLK_BUFGP         |   0.000|
flag<3>     |   19.096(R)|CLK_BUFGP         |   0.000|
------------+------------+------------------+--------+

Clock to Setup on destination clock CLK
---------------+---------+---------+---------+---------+
               | Src:Rise| Src:Fall| Src:Rise| Src:Fall|
Source Clock   |Dest:Rise|Dest:Rise|Dest:Fall|Dest:Fall|
---------------+---------+---------+---------+---------+
CLK            |    3.767|         |         |         |
---------------+---------+---------+---------+---------+


Analysis completed Fri Oct 16 12:29:27 2015 
--------------------------------------------------------------------------------

Trace Settings:
-------------------------
Trace Settings 

Peak Memory Usage: 255 MB



